Archive member included to satisfy reference by file (symbol)

c:/ac6/systemworkbench/plugins/fr.ac6.mcu.externaltools.arm-none.win32_1.7.0.201602121829/tools/compiler/bin/../lib/gcc/arm-none-eabi/5.2.1/../../../../arm-none-eabi/lib/armv7e-m/fpu\libc_nano.a(lib_a-exit.o)
                              c:/ac6/systemworkbench/plugins/fr.ac6.mcu.externaltools.arm-none.win32_1.7.0.201602121829/tools/compiler/bin/../lib/gcc/arm-none-eabi/5.2.1/../../../../arm-none-eabi/lib/armv7e-m/fpu/crt0.o (exit)
c:/ac6/systemworkbench/plugins/fr.ac6.mcu.externaltools.arm-none.win32_1.7.0.201602121829/tools/compiler/bin/../lib/gcc/arm-none-eabi/5.2.1/../../../../arm-none-eabi/lib/armv7e-m/fpu\libc_nano.a(lib_a-impure.o)
                              c:/ac6/systemworkbench/plugins/fr.ac6.mcu.externaltools.arm-none.win32_1.7.0.201602121829/tools/compiler/bin/../lib/gcc/arm-none-eabi/5.2.1/../../../../arm-none-eabi/lib/armv7e-m/fpu\libc_nano.a(lib_a-exit.o) (_global_impure_ptr)
c:/ac6/systemworkbench/plugins/fr.ac6.mcu.externaltools.arm-none.win32_1.7.0.201602121829/tools/compiler/bin/../lib/gcc/arm-none-eabi/5.2.1/../../../../arm-none-eabi/lib/armv7e-m/fpu\libc_nano.a(lib_a-init.o)
                              c:/ac6/systemworkbench/plugins/fr.ac6.mcu.externaltools.arm-none.win32_1.7.0.201602121829/tools/compiler/bin/../lib/gcc/arm-none-eabi/5.2.1/../../../../arm-none-eabi/lib/armv7e-m/fpu/crt0.o (__libc_init_array)
c:/ac6/systemworkbench/plugins/fr.ac6.mcu.externaltools.arm-none.win32_1.7.0.201602121829/tools/compiler/bin/../lib/gcc/arm-none-eabi/5.2.1/../../../../arm-none-eabi/lib/armv7e-m/fpu\libc_nano.a(lib_a-memcpy-stub.o)
                              Middlewares/Third_Party/FreeRTOS/Source/queue.o (memcpy)
c:/ac6/systemworkbench/plugins/fr.ac6.mcu.externaltools.arm-none.win32_1.7.0.201602121829/tools/compiler/bin/../lib/gcc/arm-none-eabi/5.2.1/../../../../arm-none-eabi/lib/armv7e-m/fpu\libc_nano.a(lib_a-memset.o)
                              c:/ac6/systemworkbench/plugins/fr.ac6.mcu.externaltools.arm-none.win32_1.7.0.201602121829/tools/compiler/bin/../lib/gcc/arm-none-eabi/5.2.1/../../../../arm-none-eabi/lib/armv7e-m/fpu/crt0.o (memset)
c:/ac6/systemworkbench/plugins/fr.ac6.mcu.externaltools.arm-none.win32_1.7.0.201602121829/tools/compiler/bin/../lib/gcc/arm-none-eabi/5.2.1/../../../../arm-none-eabi/lib/armv7e-m/fpu\libnosys.a(_exit.o)
                              c:/ac6/systemworkbench/plugins/fr.ac6.mcu.externaltools.arm-none.win32_1.7.0.201602121829/tools/compiler/bin/../lib/gcc/arm-none-eabi/5.2.1/../../../../arm-none-eabi/lib/armv7e-m/fpu\libc_nano.a(lib_a-exit.o) (_exit)

Allocating common symbols
Common symbol       size              file

defaultTaskHandle   0x4               Src/freertos.o
htim10              0x3c              Src/stm32f4xx_hal_timebase_TIM.o
uwTick              0x4               Drivers/STM32F4xx_HAL_Driver/Src/stm32f4xx_hal.o
xQueueRegistry      0x40              Middlewares/Third_Party/FreeRTOS/Source/queue.o
pFlash              0x20              Drivers/STM32F4xx_HAL_Driver/Src/stm32f4xx_hal_flash.o
BlinkTask_FirstHandle
                    0x4               Src/freertos.o
huart2              0x40              Src/usart.o

Discarded input sections

 .text          0x00000000        0x0 c:/ac6/systemworkbench/plugins/fr.ac6.mcu.externaltools.arm-none.win32_1.7.0.201602121829/tools/compiler/bin/../lib/gcc/arm-none-eabi/5.2.1/armv7e-m/fpu/crti.o
 .data          0x00000000        0x0 c:/ac6/systemworkbench/plugins/fr.ac6.mcu.externaltools.arm-none.win32_1.7.0.201602121829/tools/compiler/bin/../lib/gcc/arm-none-eabi/5.2.1/armv7e-m/fpu/crti.o
 .bss           0x00000000        0x0 c:/ac6/systemworkbench/plugins/fr.ac6.mcu.externaltools.arm-none.win32_1.7.0.201602121829/tools/compiler/bin/../lib/gcc/arm-none-eabi/5.2.1/armv7e-m/fpu/crti.o
 .data          0x00000000        0x4 c:/ac6/systemworkbench/plugins/fr.ac6.mcu.externaltools.arm-none.win32_1.7.0.201602121829/tools/compiler/bin/../lib/gcc/arm-none-eabi/5.2.1/armv7e-m/fpu/crtbegin.o
 .text          0x00000000       0x74 c:/ac6/systemworkbench/plugins/fr.ac6.mcu.externaltools.arm-none.win32_1.7.0.201602121829/tools/compiler/bin/../lib/gcc/arm-none-eabi/5.2.1/../../../../arm-none-eabi/lib/armv7e-m/fpu/crt0.o
 .data          0x00000000        0x0 c:/ac6/systemworkbench/plugins/fr.ac6.mcu.externaltools.arm-none.win32_1.7.0.201602121829/tools/compiler/bin/../lib/gcc/arm-none-eabi/5.2.1/../../../../arm-none-eabi/lib/armv7e-m/fpu/crt0.o
 .bss           0x00000000        0x0 c:/ac6/systemworkbench/plugins/fr.ac6.mcu.externaltools.arm-none.win32_1.7.0.201602121829/tools/compiler/bin/../lib/gcc/arm-none-eabi/5.2.1/../../../../arm-none-eabi/lib/armv7e-m/fpu/crt0.o
 .ARM.extab     0x00000000        0x0 c:/ac6/systemworkbench/plugins/fr.ac6.mcu.externaltools.arm-none.win32_1.7.0.201602121829/tools/compiler/bin/../lib/gcc/arm-none-eabi/5.2.1/../../../../arm-none-eabi/lib/armv7e-m/fpu/crt0.o
[...]
Memory Configuration

Name             Origin             Length             Attributes
FLASH            0x08000000         0x00080000         xr
RAM              0x20000000         0x00018000         xrw
*default*        0x00000000         0xffffffff

Linker script and memory map

LOAD c:/ac6/systemworkbench/plugins/fr.ac6.mcu.externaltools.arm-none.win32_1.7.0.201602121829/tools/compiler/bin/../lib/gcc/arm-none-eabi/5.2.1/armv7e-m/fpu/crti.o
LOAD c:/ac6/systemworkbench/plugins/fr.ac6.mcu.externaltools.arm-none.win32_1.7.0.201602121829/tools/compiler/bin/../lib/gcc/arm-none-eabi/5.2.1/armv7e-m/fpu/crtbegin.o
LOAD c:/ac6/systemworkbench/plugins/fr.ac6.mcu.externaltools.arm-none.win32_1.7.0.201602121829/tools/compiler/bin/../lib/gcc/arm-none-eabi/5.2.1/../../../../arm-none-eabi/lib/armv7e-m/fpu/crt0.o
LOAD c:/ac6/systemworkbench/plugins/fr.ac6.mcu.externaltools.arm-none.win32_1.7.0.201602121829/tools/compiler/bin/../lib/gcc/arm-none-eabi/5.2.1/../../../../arm-none-eabi/lib/armv7e-m/fpu\libm.a
LOAD Drivers/CMSIS/Device/ST/STM32F4xx/Source/Templates/gcc/startup_stm32f401xe.o
LOAD Drivers/CMSIS/Device/ST/STM32F4xx/Source/Templates/system_stm32f4xx.o
LOAD Drivers/STM32F4xx_HAL_Driver/Src/stm32f4xx_hal.o
LOAD Drivers/STM32F4xx_HAL_Driver/Src/stm32f4xx_hal_cortex.o
LOAD Drivers/STM32F4xx_HAL_Driver/Src/stm32f4xx_hal_dma.o
LOAD Drivers/STM32F4xx_HAL_Driver/Src/stm32f4xx_hal_dma_ex.o
LOAD Drivers/STM32F4xx_HAL_Driver/Src/stm32f4xx_hal_flash.o
LOAD Drivers/STM32F4xx_HAL_Driver/Src/stm32f4xx_hal_flash_ex.o
LOAD Drivers/STM32F4xx_HAL_Driver/Src/stm32f4xx_hal_flash_ramfunc.o
LOAD Drivers/STM32F4xx_HAL_Driver/Src/stm32f4xx_hal_gpio.o
LOAD Drivers/STM32F4xx_HAL_Driver/Src/stm32f4xx_hal_pwr.o
LOAD Drivers/STM32F4xx_HAL_Driver/Src/stm32f4xx_hal_pwr_ex.o
LOAD Drivers/STM32F4xx_HAL_Driver/Src/stm32f4xx_hal_rcc.o
LOAD Drivers/STM32F4xx_HAL_Driver/Src/stm32f4xx_hal_rcc_ex.o
LOAD Drivers/STM32F4xx_HAL_Driver/Src/stm32f4xx_hal_tim.o
LOAD Drivers/STM32F4xx_HAL_Driver/Src/stm32f4xx_hal_tim_ex.o
LOAD Drivers/STM32F4xx_HAL_Driver/Src/stm32f4xx_hal_uart.o
LOAD Middlewares/Third_Party/FreeRTOS/Source/CMSIS_RTOS/cmsis_os.o
LOAD Middlewares/Third_Party/FreeRTOS/Source/croutine.o
LOAD Middlewares/Third_Party/FreeRTOS/Source/event_groups.o
LOAD Middlewares/Third_Party/FreeRTOS/Source/list.o
LOAD Middlewares/Third_Party/FreeRTOS/Source/queue.o
LOAD Middlewares/Third_Party/FreeRTOS/Source/tasks.o
LOAD Middlewares/Third_Party/FreeRTOS/Source/timers.o
LOAD Middlewares/Third_Party/FreeRTOS/Source/portable/GCC/ARM_CM4F/port.o
LOAD Middlewares/Third_Party/FreeRTOS/Source/portable/MemMang/heap_4.o
LOAD Src/freertos.o
LOAD Src/gpio.o
LOAD Src/main.o
LOAD Src/stm32f4xx_hal_msp.o
LOAD Src/stm32f4xx_hal_timebase_TIM.o
LOAD Src/stm32f4xx_it.o
LOAD Src/usart.o
START GROUP
LOAD c:/ac6/systemworkbench/plugins/fr.ac6.mcu.externaltools.arm-none.win32_1.7.0.201602121829/tools/compiler/bin/../lib/gcc/arm-none-eabi/5.2.1/armv7e-m/fpu\libgcc.a
LOAD c:/ac6/systemworkbench/plugins/fr.ac6.mcu.externaltools.arm-none.win32_1.7.0.201602121829/tools/compiler/bin/../lib/gcc/arm-none-eabi/5.2.1/../../../../arm-none-eabi/lib/armv7e-m/fpu\libc_nano.a
END GROUP
START GROUP
LOAD c:/ac6/systemworkbench/plugins/fr.ac6.mcu.externaltools.arm-none.win32_1.7.0.201602121829/tools/compiler/bin/../lib/gcc/arm-none-eabi/5.2.1/armv7e-m/fpu\libgcc.a
LOAD c:/ac6/systemworkbench/plugins/fr.ac6.mcu.externaltools.arm-none.win32_1.7.0.201602121829/tools/compiler/bin/../lib/gcc/arm-none-eabi/5.2.1/../../../../arm-none-eabi/lib/armv7e-m/fpu\libc_nano.a
LOAD c:/ac6/systemworkbench/plugins/fr.ac6.mcu.externaltools.arm-none.win32_1.7.0.201602121829/tools/compiler/bin/../lib/gcc/arm-none-eabi/5.2.1/../../../../arm-none-eabi/lib/armv7e-m/fpu\libnosys.a
END GROUP
START GROUP
LOAD c:/ac6/systemworkbench/plugins/fr.ac6.mcu.externaltools.arm-none.win32_1.7.0.201602121829/tools/compiler/bin/../lib/gcc/arm-none-eabi/5.2.1/armv7e-m/fpu\libgcc.a
LOAD c:/ac6/systemworkbench/plugins/fr.ac6.mcu.externaltools.arm-none.win32_1.7.0.201602121829/tools/compiler/bin/../lib/gcc/arm-none-eabi/5.2.1/../../../../arm-none-eabi/lib/armv7e-m/fpu\libc_nano.a
LOAD c:/ac6/systemworkbench/plugins/fr.ac6.mcu.externaltools.arm-none.win32_1.7.0.201602121829/tools/compiler/bin/../lib/gcc/arm-none-eabi/5.2.1/../../../../arm-none-eabi/lib/armv7e-m/fpu\libnosys.a
END GROUP
LOAD c:/ac6/systemworkbench/plugins/fr.ac6.mcu.externaltools.arm-none.win32_1.7.0.201602121829/tools/compiler/bin/../lib/gcc/arm-none-eabi/5.2.1/armv7e-m/fpu/crtend.o
LOAD c:/ac6/systemworkbench/plugins/fr.ac6.mcu.externaltools.arm-none.win32_1.7.0.201602121829/tools/compiler/bin/../lib/gcc/arm-none-eabi/5.2.1/armv7e-m/fpu/crtn.o
                0x20018000                _estack = 0x20018000
                0x00000200                _Min_Heap_Size = 0x200
                0x00000400                _Min_Stack_Size = 0x400

.isr_vector     0x08000000      0x194
                0x08000000                . = ALIGN (0x4)
 *(.isr_vector)
 .isr_vector    0x08000000      0x194 Drivers/CMSIS/Device/ST/STM32F4xx/Source/Templates/gcc/startup_stm32f401xe.o
                0x08000000                g_pfnVectors
                0x08000194                . = ALIGN (0x4)

.text           0x08000194     0x238c
                0x08000194                . = ALIGN (0x4)
 *(.text)
 .text          0x08000194       0xa4 c:/ac6/systemworkbench/plugins/fr.ac6.mcu.externaltools.arm-none.win32_1.7.0.201602121829/tools/compiler/bin/../lib/gcc/arm-none-eabi/5.2.1/armv7e-m/fpu/crtbegin.o
 *(.text*)
 .text.Reset_Handler
                0x08000238       0x50 Drivers/CMSIS/Device/ST/STM32F4xx/Source/Templates/gcc/startup_stm32f401xe.o
                0x08000238                Reset_Handler
 .text.Default_Handler
                0x08000288        0x2 Drivers/CMSIS/Device/ST/STM32F4xx/Source/Templates/gcc/startup_stm32f401xe.o
                0x08000288                RTC_Alarm_IRQHandler
                0x08000288                EXTI2_IRQHandler
                0x08000288                DebugMon_Handler
                0x08000288                SPI4_IRQHandler
                0x08000288                TIM1_CC_IRQHandler
                0x08000288                DMA2_Stream5_IRQHandler
                0x08000288                HardFault_Handler
                0x08000288                DMA1_Stream5_IRQHandler
                0x08000288                PVD_IRQHandler
                0x08000288                SDIO_IRQHandler
                0x08000288                TAMP_STAMP_IRQHandler
                0x08000288                NMI_Handler
                0x08000288                EXTI3_IRQHandler
                0x08000288                I2C3_ER_IRQHandler
                0x08000288                EXTI0_IRQHandler
                0x08000288                I2C2_EV_IRQHandler
                0x08000288                DMA1_Stream2_IRQHandler
                0x08000288                FPU_IRQHandler
                0x08000288                UsageFault_Handler
                0x08000288                DMA2_Stream2_IRQHandler
                0x08000288                SPI1_IRQHandler
                0x08000288                TIM1_BRK_TIM9_IRQHandler
                0x08000288                DMA2_Stream3_IRQHandler
                0x08000288                USART6_IRQHandler
                0x08000288                DMA2_Stream0_IRQHandler
                0x08000288                TIM4_IRQHandler
                0x08000288                I2C1_EV_IRQHandler
                0x08000288                DMA1_Stream6_IRQHandler
                0x08000288                DMA1_Stream1_IRQHandler
                0x08000288                TIM3_IRQHandler
                0x08000288                RCC_IRQHandler
                0x08000288                Default_Handler
                0x08000288                EXTI15_10_IRQHandler
                0x08000288                ADC_IRQHandler
                0x08000288                DMA1_Stream7_IRQHandler
                0x08000288                TIM5_IRQHandler
                0x08000288                DMA2_Stream7_IRQHandler
                0x08000288                I2C3_EV_IRQHandler
                0x08000288                EXTI9_5_IRQHandler
                0x08000288                RTC_WKUP_IRQHandler
                0x08000288                SPI2_IRQHandler
                0x08000288                MemManage_Handler
                0x08000288                DMA1_Stream0_IRQHandler
                0x08000288                EXTI4_IRQHandler
                0x08000288                WWDG_IRQHandler
                0x08000288                TIM2_IRQHandler
                0x08000288                OTG_FS_WKUP_IRQHandler
                0x08000288                TIM1_TRG_COM_TIM11_IRQHandler
                0x08000288                EXTI1_IRQHandler
                0x08000288                USART2_IRQHandler
                0x08000288                I2C2_ER_IRQHandler
                0x08000288                DMA2_Stream1_IRQHandler
                0x08000288                FLASH_IRQHandler
                0x08000288                DMA2_Stream4_IRQHandler
                0x08000288                BusFault_Handler
                0x08000288                USART1_IRQHandler
                0x08000288                OTG_FS_IRQHandler
                0x08000288                SPI3_IRQHandler
                0x08000288                DMA1_Stream4_IRQHandler
                0x08000288                I2C1_ER_IRQHandler
                0x08000288                DMA2_Stream6_IRQHandler
                0x08000288                DMA1_Stream3_IRQHandler
 *fill*         0x0800028a        0x2 
 .text.SystemInit
                0x0800028c       0x4c Drivers/CMSIS/Device/ST/STM32F4xx/Source/Templates/system_stm32f4xx.o
                0x0800028c                SystemInit
 .text.HAL_Init
                0x080002d8       0x34 Drivers/STM32F4xx_HAL_Driver/Src/stm32f4xx_hal.o
                0x080002d8                HAL_Init
 .text.HAL_IncTick
                0x0800030c       0x10 Drivers/STM32F4xx_HAL_Driver/Src/stm32f4xx_hal.o
                0x0800030c                HAL_IncTick
 .text.HAL_GetTick
                0x0800031c        0xc Drivers/STM32F4xx_HAL_Driver/Src/stm32f4xx_hal.o
                0x0800031c                HAL_GetTick
 .text.HAL_NVIC_SetPriorityGrouping
                0x08000328       0x24 Drivers/STM32F4xx_HAL_Driver/Src/stm32f4xx_hal_cortex.o
                0x08000328                HAL_NVIC_SetPriorityGrouping
 .text.HAL_NVIC_SetPriority
                0x0800034c       0x68 Drivers/STM32F4xx_HAL_Driver/Src/stm32f4xx_hal_cortex.o
                0x0800034c                HAL_NVIC_SetPriority
 .text.HAL_NVIC_EnableIRQ
                0x080003b4       0x18 Drivers/STM32F4xx_HAL_Driver/Src/stm32f4xx_hal_cortex.o
                0x080003b4                HAL_NVIC_EnableIRQ
 .text.HAL_SYSTICK_Config
                0x080003cc       0x2c Drivers/STM32F4xx_HAL_Driver/Src/stm32f4xx_hal_cortex.o
                0x080003cc                HAL_SYSTICK_Config
 .text.HAL_SYSTICK_CLKSourceConfig
                0x080003f8       0x18 Drivers/STM32F4xx_HAL_Driver/Src/stm32f4xx_hal_cortex.o
                0x080003f8                HAL_SYSTICK_CLKSourceConfig
 .text.HAL_GPIO_Init
                0x08000410      0x19c Drivers/STM32F4xx_HAL_Driver/Src/stm32f4xx_hal_gpio.o
                0x08000410                HAL_GPIO_Init
 .text.HAL_GPIO_WritePin
                0x080005ac        0x8 Drivers/STM32F4xx_HAL_Driver/Src/stm32f4xx_hal_gpio.o
                0x080005ac                HAL_GPIO_WritePin
 .text.HAL_RCC_OscConfig
                0x080005b4      0x2d0 Drivers/STM32F4xx_HAL_Driver/Src/stm32f4xx_hal_rcc.o
                0x080005b4                HAL_RCC_OscConfig
 .text.HAL_RCC_GetSysClockFreq
                0x08000884       0x7c Drivers/STM32F4xx_HAL_Driver/Src/stm32f4xx_hal_rcc.o
                0x08000884                HAL_RCC_GetSysClockFreq
 .text.HAL_RCC_ClockConfig
                0x08000900      0x168 Drivers/STM32F4xx_HAL_Driver/Src/stm32f4xx_hal_rcc.o
                0x08000900                HAL_RCC_ClockConfig
 .text.HAL_RCC_GetHCLKFreq
                0x08000a68        0xc Drivers/STM32F4xx_HAL_Driver/Src/stm32f4xx_hal_rcc.o
                0x08000a68                HAL_RCC_GetHCLKFreq
 .text.HAL_RCC_GetPCLK1Freq
                0x08000a74       0x30 Drivers/STM32F4xx_HAL_Driver/Src/stm32f4xx_hal_rcc.o
                0x08000a74                HAL_RCC_GetPCLK1Freq
 .text.HAL_RCC_GetPCLK2Freq
                0x08000aa4       0x30 Drivers/STM32F4xx_HAL_Driver/Src/stm32f4xx_hal_rcc.o
                0x08000aa4                HAL_RCC_GetPCLK2Freq
 .text.HAL_RCC_GetClockConfig
                0x08000ad4       0x3c Drivers/STM32F4xx_HAL_Driver/Src/stm32f4xx_hal_rcc.o
                0x08000ad4                HAL_RCC_GetClockConfig
 .text.HAL_TIM_Base_MspInit
                0x08000b10        0x2 Drivers/STM32F4xx_HAL_Driver/Src/stm32f4xx_hal_tim.o
                0x08000b10                HAL_TIM_Base_MspInit
 .text.HAL_TIM_Base_Start_IT
                0x08000b12       0x16 Drivers/STM32F4xx_HAL_Driver/Src/stm32f4xx_hal_tim.o
                0x08000b12                HAL_TIM_Base_Start_IT
 .text.HAL_TIM_OC_DelayElapsedCallback
                0x08000b28        0x2 Drivers/STM32F4xx_HAL_Driver/Src/stm32f4xx_hal_tim.o
                0x08000b28                HAL_TIM_OC_DelayElapsedCallback
 .text.HAL_TIM_IC_CaptureCallback
                0x08000b2a        0x2 Drivers/STM32F4xx_HAL_Driver/Src/stm32f4xx_hal_tim.o
                0x08000b2a                HAL_TIM_IC_CaptureCallback
 .text.HAL_TIM_PWM_PulseFinishedCallback
                0x08000b2c        0x2 Drivers/STM32F4xx_HAL_Driver/Src/stm32f4xx_hal_tim.o
                0x08000b2c                HAL_TIM_PWM_PulseFinishedCallback
 .text.HAL_TIM_TriggerCallback
                0x08000b2e        0x2 Drivers/STM32F4xx_HAL_Driver/Src/stm32f4xx_hal_tim.o
                0x08000b2e                HAL_TIM_TriggerCallback
 .text.HAL_TIM_IRQHandler
                0x08000b30      0x144 Drivers/STM32F4xx_HAL_Driver/Src/stm32f4xx_hal_tim.o
                0x08000b30                HAL_TIM_IRQHandler
 .text.TIM_Base_SetConfig
                0x08000c74       0x98 Drivers/STM32F4xx_HAL_Driver/Src/stm32f4xx_hal_tim.o
                0x08000c74                TIM_Base_SetConfig
 .text.HAL_TIM_Base_Init
                0x08000d0c       0x34 Drivers/STM32F4xx_HAL_Driver/Src/stm32f4xx_hal_tim.o
                0x08000d0c                HAL_TIM_Base_Init
 .text.HAL_TIMEx_CommutationCallback
                0x08000d40        0x2 Drivers/STM32F4xx_HAL_Driver/Src/stm32f4xx_hal_tim_ex.o
                0x08000d40                HAL_TIMEx_CommutationCallback
 .text.HAL_TIMEx_BreakCallback
                0x08000d42        0x2 Drivers/STM32F4xx_HAL_Driver/Src/stm32f4xx_hal_tim_ex.o
                0x08000d42                HAL_TIMEx_BreakCallback
 .text.UART_SetConfig
                0x08000d44      0x23c Drivers/STM32F4xx_HAL_Driver/Src/stm32f4xx_hal_uart.o
 .text.HAL_UART_Init
                0x08000f80       0x5c Drivers/STM32F4xx_HAL_Driver/Src/stm32f4xx_hal_uart.o
                0x08000f80                HAL_UART_Init
 .text.osKernelStart
                0x08000fdc        0xa Middlewares/Third_Party/FreeRTOS/Source/CMSIS_RTOS/cmsis_os.o
                0x08000fdc                osKernelStart
 .text.osThreadCreate
                0x08000fe6       0x38 Middlewares/Third_Party/FreeRTOS/Source/CMSIS_RTOS/cmsis_os.o
                0x08000fe6                osThreadCreate
 .text.osDelay  0x0800101e       0x10 Middlewares/Third_Party/FreeRTOS/Source/CMSIS_RTOS/cmsis_os.o
                0x0800101e                osDelay
 .text.osSystickHandler
                0x0800102e       0x14 Middlewares/Third_Party/FreeRTOS/Source/CMSIS_RTOS/cmsis_os.o
                0x0800102e                osSystickHandler
 .text.vListInitialise
                0x08001042       0x16 Middlewares/Third_Party/FreeRTOS/Source/list.o
                0x08001042                vListInitialise
 .text.vListInitialiseItem
                0x08001058        0x6 Middlewares/Third_Party/FreeRTOS/Source/list.o
                0x08001058                vListInitialiseItem
 .text.vListInsertEnd
                0x0800105e       0x18 Middlewares/Third_Party/FreeRTOS/Source/list.o
                0x0800105e                vListInsertEnd
 .text.vListInsert
                0x08001076       0x30 Middlewares/Third_Party/FreeRTOS/Source/list.o
                0x08001076                vListInsert
 .text.uxListRemove
                0x080010a6       0x20 Middlewares/Third_Party/FreeRTOS/Source/list.o
                0x080010a6                uxListRemove
 .text.unlikely.prvCopyDataToQueue
                0x080010c6       0x6a Middlewares/Third_Party/FreeRTOS/Source/queue.o
 .text.prvUnlockQueue
                0x08001130       0x68 Middlewares/Third_Party/FreeRTOS/Source/queue.o
 .text.xQueueGenericReset
                0x08001198       0x80 Middlewares/Third_Party/FreeRTOS/Source/queue.o
                0x08001198                xQueueGenericReset
 .text.xQueueGenericCreate
                0x08001218       0x64 Middlewares/Third_Party/FreeRTOS/Source/queue.o
                0x08001218                xQueueGenericCreate
 .text.xQueueGenericSend
                0x0800127c      0x164 Middlewares/Third_Party/FreeRTOS/Source/queue.o
                0x0800127c                xQueueGenericSend
 .text.xQueueCreateMutex
                0x080013e0       0x4a Middlewares/Third_Party/FreeRTOS/Source/queue.o
                0x080013e0                xQueueCreateMutex
 *fill*         0x0800142a        0x2 
 .text.prvResetNextTaskUnblockTime
                0x0800142c       0x20 Middlewares/Third_Party/FreeRTOS/Source/tasks.o
 .text.prvAddCurrentTaskToDelayedList
                0x0800144c       0x38 Middlewares/Third_Party/FreeRTOS/Source/tasks.o
 .text.xTaskGenericCreate.part.5
                0x08001484      0x1a0 Middlewares/Third_Party/FreeRTOS/Source/tasks.o
 .text.vTaskSetTimeOutState.part.7
                0x08001624       0x12 Middlewares/Third_Party/FreeRTOS/Source/tasks.o
 .text.xTaskGenericCreate
                0x08001636       0x3c Middlewares/Third_Party/FreeRTOS/Source/tasks.o
                0x08001636                xTaskGenericCreate
 *fill*         0x08001672        0x2 
 .text.vTaskStartScheduler
                0x08001674       0x68 Middlewares/Third_Party/FreeRTOS/Source/tasks.o
                0x08001674                vTaskStartScheduler
 .text.vTaskSuspendAll
                0x080016dc       0x14 Middlewares/Third_Party/FreeRTOS/Source/tasks.o
                0x080016dc                vTaskSuspendAll
 .text.xTaskIncrementTick
                0x080016f0       0xf4 Middlewares/Third_Party/FreeRTOS/Source/tasks.o
                0x080016f0                xTaskIncrementTick
 .text.xTaskResumeAll
                0x080017e4       0xe8 Middlewares/Third_Party/FreeRTOS/Source/tasks.o
                0x080017e4                xTaskResumeAll
 .text.vTaskDelay
                0x080018cc       0x70 Middlewares/Third_Party/FreeRTOS/Source/tasks.o
                0x080018cc                vTaskDelay
 .text.prvIdleTask
                0x0800193c       0x70 Middlewares/Third_Party/FreeRTOS/Source/tasks.o
 .text.vTaskSwitchContext
                0x080019ac       0x68 Middlewares/Third_Party/FreeRTOS/Source/tasks.o
                0x080019ac                vTaskSwitchContext
 .text.vTaskPlaceOnEventList
                0x08001a14       0x68 Middlewares/Third_Party/FreeRTOS/Source/tasks.o
                0x08001a14                vTaskPlaceOnEventList
 .text.xTaskRemoveFromEventList
                0x08001a7c       0x78 Middlewares/Third_Party/FreeRTOS/Source/tasks.o
                0x08001a7c                xTaskRemoveFromEventList
 .text.vTaskSetTimeOutState
                0x08001af4       0x1c Middlewares/Third_Party/FreeRTOS/Source/tasks.o
                0x08001af4                vTaskSetTimeOutState
 .text.xTaskCheckForTimeOut
                0x08001b10       0x70 Middlewares/Third_Party/FreeRTOS/Source/tasks.o
                0x08001b10                xTaskCheckForTimeOut
 .text.vTaskMissedYield
                0x08001b80       0x10 Middlewares/Third_Party/FreeRTOS/Source/tasks.o
                0x08001b80                vTaskMissedYield
 .text.xTaskGetSchedulerState
                0x08001b90       0x20 Middlewares/Third_Party/FreeRTOS/Source/tasks.o
                0x08001b90                xTaskGetSchedulerState
 .text.xTaskPriorityDisinherit
                0x08001bb0       0xa4 Middlewares/Third_Party/FreeRTOS/Source/tasks.o
                0x08001bb0                xTaskPriorityDisinherit
 .text.prvTaskExitError
                0x08001c54       0x30 Middlewares/Third_Party/FreeRTOS/Source/portable/GCC/ARM_CM4F/port.o
 .text.prvPortStartFirstTask
                0x08001c84       0x20 Middlewares/Third_Party/FreeRTOS/Source/portable/GCC/ARM_CM4F/port.o
 .text.vPortEnableVFP
                0x08001ca4       0x14 Middlewares/Third_Party/FreeRTOS/Source/portable/GCC/ARM_CM4F/port.o
 .text.pxPortInitialiseStack
                0x08001cb8       0x24 Middlewares/Third_Party/FreeRTOS/Source/portable/GCC/ARM_CM4F/port.o
                0x08001cb8                pxPortInitialiseStack
 .text.SVC_Handler
                0x08001cdc       0x20 Middlewares/Third_Party/FreeRTOS/Source/portable/GCC/ARM_CM4F/port.o
                0x08001cdc                SVC_Handler
 .text.vPortEnterCritical
                0x08001cfc       0x44 Middlewares/Third_Party/FreeRTOS/Source/portable/GCC/ARM_CM4F/port.o
                0x08001cfc                vPortEnterCritical
 .text.vPortExitCritical
                0x08001d40       0x28 Middlewares/Third_Party/FreeRTOS/Source/portable/GCC/ARM_CM4F/port.o
                0x08001d40                vPortExitCritical
 .text.PendSV_Handler
                0x08001d68       0x60 Middlewares/Third_Party/FreeRTOS/Source/portable/GCC/ARM_CM4F/port.o
                0x08001d68                PendSV_Handler
 .text.xPortSysTickHandler
                0x08001dc8       0x30 Middlewares/Third_Party/FreeRTOS/Source/portable/GCC/ARM_CM4F/port.o
                0x08001dc8                xPortSysTickHandler
 .text.vPortSetupTimerInterrupt
                0x08001df8       0x28 Middlewares/Third_Party/FreeRTOS/Source/portable/GCC/ARM_CM4F/port.o
                0x08001df8                vPortSetupTimerInterrupt
 .text.xPortStartScheduler
                0x08001e20       0xe4 Middlewares/Third_Party/FreeRTOS/Source/portable/GCC/ARM_CM4F/port.o
                0x08001e20                xPortStartScheduler
 .text.unlikely.prvInsertBlockIntoFreeList
                0x08001f04       0x44 Middlewares/Third_Party/FreeRTOS/Source/portable/MemMang/heap_4.o
 .text.pvPortMalloc
                0x08001f48      0x120 Middlewares/Third_Party/FreeRTOS/Source/portable/MemMang/heap_4.o
                0x08001f48                pvPortMalloc
 .text.vPortFree
                0x08002068       0x70 Middlewares/Third_Party/FreeRTOS/Source/portable/MemMang/heap_4.o
                0x08002068                vPortFree
 .text.StartDefaultTask
                0x080020d8        0xa Src/freertos.o
                0x080020d8                StartDefaultTask
 *fill*         0x080020e2        0x2 
 .text.BlinkTask
                0x080020e4       0x2c Src/freertos.o
                0x080020e4                BlinkTask
 .text.MX_FREERTOS_Init
                0x08002110       0x48 Src/freertos.o
                0x08002110                MX_FREERTOS_Init
 .text.MX_GPIO_Init
                0x08002158       0xa0 Src/gpio.o
                0x08002158                MX_GPIO_Init
 .text.initTaskSettings
                0x080021f8       0x1a Src/main.o
                0x080021f8                initTaskSettings
 *fill*         0x08002212        0x2 
 .text.SystemClock_Config
                0x08002214       0xac Src/main.o
                0x08002214                SystemClock_Config
 .text.startup.main
                0x080022c0       0x50 Src/main.o
                0x080022c0                main
 .text.HAL_TIM_PeriodElapsedCallback
                0x08002310       0x14 Src/main.o
                0x08002310                HAL_TIM_PeriodElapsedCallback
 .text.Error_Handler
                0x08002324        0x2 Src/main.o
                0x08002324                Error_Handler
 .text.HAL_MspInit
                0x08002326       0x60 Src/stm32f4xx_hal_msp.o
                0x08002326                HAL_MspInit
 *fill*         0x08002386        0x2 
 .text.HAL_InitTick
                0x08002388       0x78 Src/stm32f4xx_hal_timebase_TIM.o
                0x08002388                HAL_InitTick
 .text.SysTick_Handler
                0x08002400        0x4 Src/stm32f4xx_it.o
                0x08002400                SysTick_Handler
 .text.TIM1_UP_TIM10_IRQHandler
                0x08002404        0xc Src/stm32f4xx_it.o
                0x08002404                TIM1_UP_TIM10_IRQHandler
 .text.MX_USART2_UART_Init
                0x08002410       0x38 Src/usart.o
                0x08002410                MX_USART2_UART_Init
 .text.HAL_UART_MspInit
                0x08002448       0x4c Src/usart.o
                0x08002448                HAL_UART_MspInit
 .text.__libc_init_array
                0x08002494       0x4c c:/ac6/systemworkbench/plugins/fr.ac6.mcu.externaltools.arm-none.win32_1.7.0.201602121829/tools/compiler/bin/../lib/gcc/arm-none-eabi/5.2.1/../../../../arm-none-eabi/lib/armv7e-m/fpu\libc_nano.a(lib_a-init.o)
                0x08002494                __libc_init_array
 .text.memcpy   0x080024e0       0x16 c:/ac6/systemworkbench/plugins/fr.ac6.mcu.externaltools.arm-none.win32_1.7.0.201602121829/tools/compiler/bin/../lib/gcc/arm-none-eabi/5.2.1/../../../../arm-none-eabi/lib/armv7e-m/fpu\libc_nano.a(lib_a-memcpy-stub.o)
                0x080024e0                memcpy
 .text.memset   0x080024f6       0x10 c:/ac6/systemworkbench/plugins/fr.ac6.mcu.externaltools.arm-none.win32_1.7.0.201602121829/tools/compiler/bin/../lib/gcc/arm-none-eabi/5.2.1/../../../../arm-none-eabi/lib/armv7e-m/fpu\libc_nano.a(lib_a-memset.o)
                0x080024f6                memset
 *(.glue_7)
 .glue_7        0x08002506        0x0 linker stubs
 *(.glue_7t)
 .glue_7t       0x08002506        0x0 linker stubs
 *(.eh_frame)
 *fill*         0x08002506        0x2 
 .eh_frame      0x08002508        0x0 c:/ac6/systemworkbench/plugins/fr.ac6.mcu.externaltools.arm-none.win32_1.7.0.201602121829/tools/compiler/bin/../lib/gcc/arm-none-eabi/5.2.1/armv7e-m/fpu/crtbegin.o
 *(.init)
 .init          0x08002508        0x4 c:/ac6/systemworkbench/plugins/fr.ac6.mcu.externaltools.arm-none.win32_1.7.0.201602121829/tools/compiler/bin/../lib/gcc/arm-none-eabi/5.2.1/armv7e-m/fpu/crti.o
                0x08002508                _init
 .init          0x0800250c        0x8 c:/ac6/systemworkbench/plugins/fr.ac6.mcu.externaltools.arm-none.win32_1.7.0.201602121829/tools/compiler/bin/../lib/gcc/arm-none-eabi/5.2.1/armv7e-m/fpu/crtn.o
 *(.fini)
 .fini          0x08002514        0x4 c:/ac6/systemworkbench/plugins/fr.ac6.mcu.externaltools.arm-none.win32_1.7.0.201602121829/tools/compiler/bin/../lib/gcc/arm-none-eabi/5.2.1/armv7e-m/fpu/crti.o
                0x08002514                _fini
 .fini          0x08002518        0x8 c:/ac6/systemworkbench/plugins/fr.ac6.mcu.externaltools.arm-none.win32_1.7.0.201602121829/tools/compiler/bin/../lib/gcc/arm-none-eabi/5.2.1/armv7e-m/fpu/crtn.o
                0x08002520                . = ALIGN (0x4)
                0x08002520                _etext = .

.vfp11_veneer   0x08002520        0x0
 .vfp11_veneer  0x08002520        0x0 linker stubs

.v4_bx          0x08002520        0x0
 .v4_bx         0x08002520        0x0 linker stubs

.iplt           0x08002520        0x0
 .iplt          0x08002520        0x0 c:/ac6/systemworkbench/plugins/fr.ac6.mcu.externaltools.arm-none.win32_1.7.0.201602121829/tools/compiler/bin/../lib/gcc/arm-none-eabi/5.2.1/armv7e-m/fpu/crtbegin.o

.rodata         0x08002520       0x5c
                0x08002520                . = ALIGN (0x4)
 *(.rodata)
 .rodata        0x08002520       0x10 Drivers/STM32F4xx_HAL_Driver/Src/stm32f4xx_hal_rcc.o
                0x08002520                APBAHBPrescTable
 .rodata        0x08002530       0x28 Src/freertos.o
 *(.rodata*)
 .rodata.str1.1
                0x08002558        0x5 Middlewares/Third_Party/FreeRTOS/Source/tasks.o
 .rodata.str1.1
                0x0800255d       0x1c Src/freertos.o
                0x0800257c                . = ALIGN (0x4)
 *fill*         0x08002579        0x3 

.rel.dyn        0x0800257c        0x0
 .rel.iplt      0x0800257c        0x0 c:/ac6/systemworkbench/plugins/fr.ac6.mcu.externaltools.arm-none.win32_1.7.0.201602121829/tools/compiler/bin/../lib/gcc/arm-none-eabi/5.2.1/armv7e-m/fpu/crtbegin.o

.ARM.extab
 *(.ARM.extab* .gnu.linkonce.armextab.*)

.ARM            0x0800257c        0x0
                0x0800257c                __exidx_start = .
 *(.ARM.exidx*)
                0x0800257c                __exidx_end = .

.preinit_array  0x0800257c        0x0
                0x0800257c                PROVIDE (__preinit_array_start, .)
 *(.preinit_array*)
                0x0800257c                PROVIDE (__preinit_array_end, .)

.init_array     0x0800257c        0x4
                0x0800257c                PROVIDE (__init_array_start, .)
 *(SORT(.init_array.*))
 *(.init_array*)
 .init_array    0x0800257c        0x4 c:/ac6/systemworkbench/plugins/fr.ac6.mcu.externaltools.arm-none.win32_1.7.0.201602121829/tools/compiler/bin/../lib/gcc/arm-none-eabi/5.2.1/armv7e-m/fpu/crtbegin.o
                0x08002580                PROVIDE (__init_array_end, .)

.fini_array     0x08002580        0x4
                [!provide]                PROVIDE (__fini_array_start, .)
 *(SORT(.fini_array.*))
 *(.fini_array*)
 .fini_array    0x08002580        0x4 c:/ac6/systemworkbench/plugins/fr.ac6.mcu.externaltools.arm-none.win32_1.7.0.201602121829/tools/compiler/bin/../lib/gcc/arm-none-eabi/5.2.1/armv7e-m/fpu/crtbegin.o
                [!provide]                PROVIDE (__fini_array_end, .)
                0x08002584                _sidata = LOADADDR (.data)

.data           0x20000000        0x8 load address 0x08002584
                0x20000000                . = ALIGN (0x4)
                0x20000000                _sdata = .
 *(.data)
 .data          0x20000000        0x4 Drivers/CMSIS/Device/ST/STM32F4xx/Source/Templates/system_stm32f4xx.o
                0x20000000                SystemCoreClock
 .data          0x20000004        0x4 Middlewares/Third_Party/FreeRTOS/Source/portable/GCC/ARM_CM4F/port.o
 *(.data*)
                0x20000008                . = ALIGN (0x4)
                0x20000008                _edata = .

.jcr            0x20000008        0x0 load address 0x0800258c
 .jcr           0x20000008        0x0 c:/ac6/systemworkbench/plugins/fr.ac6.mcu.externaltools.arm-none.win32_1.7.0.201602121829/tools/compiler/bin/../lib/gcc/arm-none-eabi/5.2.1/armv7e-m/fpu/crtbegin.o

.tm_clone_table
                0x20000008        0x0 load address 0x0800258c
 .tm_clone_table
                0x20000008        0x0 c:/ac6/systemworkbench/plugins/fr.ac6.mcu.externaltools.arm-none.win32_1.7.0.201602121829/tools/compiler/bin/../lib/gcc/arm-none-eabi/5.2.1/armv7e-m/fpu/crtbegin.o
 .tm_clone_table
                0x20000008        0x0 c:/ac6/systemworkbench/plugins/fr.ac6.mcu.externaltools.arm-none.win32_1.7.0.201602121829/tools/compiler/bin/../lib/gcc/arm-none-eabi/5.2.1/armv7e-m/fpu/crtend.o

.igot.plt       0x20000008        0x0 load address 0x0800258c
 .igot.plt      0x20000008        0x0 c:/ac6/systemworkbench/plugins/fr.ac6.mcu.externaltools.arm-none.win32_1.7.0.201602121829/tools/compiler/bin/../lib/gcc/arm-none-eabi/5.2.1/armv7e-m/fpu/crtbegin.o
                0x20000008                . = ALIGN (0x4)

.bss            0x20000008     0x3dec load address 0x0800258c
                0x20000008                _sbss = .
                0x20000008                __bss_start__ = _sbss
 *(.bss)
 .bss           0x20000008       0x1c c:/ac6/systemworkbench/plugins/fr.ac6.mcu.externaltools.arm-none.win32_1.7.0.201602121829/tools/compiler/bin/../lib/gcc/arm-none-eabi/5.2.1/armv7e-m/fpu/crtbegin.o
 .bss           0x20000024      0x128 Middlewares/Third_Party/FreeRTOS/Source/tasks.o
                0x2000002c                pxCurrentTCB
 .bss           0x2000014c        0x8 Middlewares/Third_Party/FreeRTOS/Source/portable/GCC/ARM_CM4F/port.o
 .bss           0x20000154     0x3c18 Middlewares/Third_Party/FreeRTOS/Source/portable/MemMang/heap_4.o
 *(.bss*)
 *(COMMON)
 COMMON         0x20003d6c        0x4 Drivers/STM32F4xx_HAL_Driver/Src/stm32f4xx_hal.o
                0x20003d6c                uwTick
 COMMON         0x20003d70        0x8 Src/freertos.o
                0x20003d70                defaultTaskHandle
                0x20003d74                BlinkTask_FirstHandle
 COMMON         0x20003d78       0x3c Src/stm32f4xx_hal_timebase_TIM.o
                0x20003d78                htim10
 COMMON         0x20003db4       0x40 Src/usart.o
                0x20003db4                huart2
                0x20003df4                . = ALIGN (0x4)
                0x20003df4                _ebss = .
                0x20003df4                __bss_end__ = _ebss

._user_heap_stack
                0x20003df4      0x604 load address 0x0800258c
                0x20003df8                . = ALIGN (0x8)
 *fill*         0x20003df4        0x4 
                [!provide]                PROVIDE (end, .)
                [!provide]                PROVIDE (_end, .)
                0x20003ff8                . = (. + _Min_Heap_Size)
 *fill*         0x20003df8      0x200 
                0x200043f8                . = (. + _Min_Stack_Size)
 *fill*         0x20003ff8      0x400 
                0x200043f8                . = ALIGN (0x8)

/DISCARD/
 libc.a(*)
 libm.a(*)
 libgcc.a(*)

.ARM.attributes
                0x00000000       0x30
 *(.ARM.attributes)
 .ARM.attributes
                0x00000000       0x22 c:/ac6/systemworkbench/plugins/fr.ac6.mcu.externaltools.arm-none.win32_1.7.0.201602121829/tools/compiler/bin/../lib/gcc/arm-none-eabi/5.2.1/armv7e-m/fpu/crti.o
 .ARM.attributes
                0x00000022       0x34 c:/ac6/systemworkbench/plugins/fr.ac6.mcu.externaltools.arm-none.win32_1.7.0.201602121829/tools/compiler/bin/../lib/gcc/arm-none-eabi/5.2.1/armv7e-m/fpu/crtbegin.o
 .ARM.attributes
                0x00000056       0x21 Drivers/CMSIS/Device/ST/STM32F4xx/Source/Templates/gcc/startup_stm32f401xe.o
 .ARM.attributes
                0x00000077       0x39 Drivers/CMSIS/Device/ST/STM32F4xx/Source/Templates/system_stm32f4xx.o
 .ARM.attributes
                0x000000b0       0x39 Drivers/STM32F4xx_HAL_Driver/Src/stm32f4xx_hal.o
 .ARM.attributes
                0x000000e9       0x39 Drivers/STM32F4xx_HAL_Driver/Src/stm32f4xx_hal_cortex.o
 .ARM.attributes
                0x00000122       0x39 Drivers/STM32F4xx_HAL_Driver/Src/stm32f4xx_hal_gpio.o
 .ARM.attributes
                0x0000015b       0x39 Drivers/STM32F4xx_HAL_Driver/Src/stm32f4xx_hal_rcc.o
 .ARM.attributes
                0x00000194       0x39 Drivers/STM32F4xx_HAL_Driver/Src/stm32f4xx_hal_tim.o
 .ARM.attributes
                0x000001cd       0x39 Drivers/STM32F4xx_HAL_Driver/Src/stm32f4xx_hal_tim_ex.o
 .ARM.attributes
                0x00000206       0x39 Drivers/STM32F4xx_HAL_Driver/Src/stm32f4xx_hal_uart.o
 .ARM.attributes
                0x0000023f       0x39 Middlewares/Third_Party/FreeRTOS/Source/CMSIS_RTOS/cmsis_os.o
 .ARM.attributes
                0x00000278       0x39 Middlewares/Third_Party/FreeRTOS/Source/list.o
 .ARM.attributes
                0x000002b1       0x39 Middlewares/Third_Party/FreeRTOS/Source/queue.o
 .ARM.attributes
                0x000002ea       0x39 Middlewares/Third_Party/FreeRTOS/Source/tasks.o
 .ARM.attributes
                0x00000323       0x39 Middlewares/Third_Party/FreeRTOS/Source/portable/GCC/ARM_CM4F/port.o
 .ARM.attributes
                0x0000035c       0x39 Middlewares/Third_Party/FreeRTOS/Source/portable/MemMang/heap_4.o
 .ARM.attributes
                0x00000395       0x39 Src/freertos.o
 .ARM.attributes
                0x000003ce       0x39 Src/gpio.o
 .ARM.attributes
                0x00000407       0x39 Src/main.o
 .ARM.attributes
                0x00000440       0x39 Src/stm32f4xx_hal_msp.o
 .ARM.attributes
                0x00000479       0x39 Src/stm32f4xx_hal_timebase_TIM.o
 .ARM.attributes
                0x000004b2       0x39 Src/stm32f4xx_it.o
 .ARM.attributes
                0x000004eb       0x39 Src/usart.o
 .ARM.attributes
                0x00000524       0x34 c:/ac6/systemworkbench/plugins/fr.ac6.mcu.externaltools.arm-none.win32_1.7.0.201602121829/tools/compiler/bin/../lib/gcc/arm-none-eabi/5.2.1/../../../../arm-none-eabi/lib/armv7e-m/fpu\libc_nano.a(lib_a-init.o)
 .ARM.attributes
                0x00000558       0x34 c:/ac6/systemworkbench/plugins/fr.ac6.mcu.externaltools.arm-none.win32_1.7.0.201602121829/tools/compiler/bin/../lib/gcc/arm-none-eabi/5.2.1/../../../../arm-none-eabi/lib/armv7e-m/fpu\libc_nano.a(lib_a-memcpy-stub.o)
 .ARM.attributes
                0x0000058c       0x34 c:/ac6/systemworkbench/plugins/fr.ac6.mcu.externaltools.arm-none.win32_1.7.0.201602121829/tools/compiler/bin/../lib/gcc/arm-none-eabi/5.2.1/../../../../arm-none-eabi/lib/armv7e-m/fpu\libc_nano.a(lib_a-memset.o)
 .ARM.attributes
                0x000005c0       0x34 c:/ac6/systemworkbench/plugins/fr.ac6.mcu.externaltools.arm-none.win32_1.7.0.201602121829/tools/compiler/bin/../lib/gcc/arm-none-eabi/5.2.1/armv7e-m/fpu/crtend.o
 .ARM.attributes
                0x000005f4       0x22 c:/ac6/systemworkbench/plugins/fr.ac6.mcu.externaltools.arm-none.win32_1.7.0.201602121829/tools/compiler/bin/../lib/gcc/arm-none-eabi/5.2.1/armv7e-m/fpu/crtn.o
OUTPUT(Fred.elf elf32-littlearm)

.debug_line     0x00000000     0xce8b
 .debug_line    0x00000000       0xae Drivers/CMSIS/Device/ST/STM32F4xx/Source/Templates/gcc/startup_stm32f401xe.o
 .debug_line    0x000000ae      0x7d8 Drivers/CMSIS/Device/ST/STM32F4xx/Source/Templates/system_stm32f4xx.o
 .debug_line    0x00000886      0x908 Drivers/STM32F4xx_HAL_Driver/Src/stm32f4xx_hal.o
 .debug_line    0x0000118e      0x97c Drivers/STM32F4xx_HAL_Driver/Src/stm32f4xx_hal_cortex.o
 .debug_line    0x00001b0a      0x931 Drivers/STM32F4xx_HAL_Driver/Src/stm32f4xx_hal_gpio.o
 .debug_line    0x0000243b      0xa89 Drivers/STM32F4xx_HAL_Driver/Src/stm32f4xx_hal_rcc.o
 .debug_line    0x00002ec4     0x1531 Drivers/STM32F4xx_HAL_Driver/Src/stm32f4xx_hal_tim.o
 .debug_line    0x000043f5      0xb74 Drivers/STM32F4xx_HAL_Driver/Src/stm32f4xx_hal_tim_ex.o
 .debug_line    0x00004f69      0xefd Drivers/STM32F4xx_HAL_Driver/Src/stm32f4xx_hal_uart.o
 .debug_line    0x00005e66      0xae4 Middlewares/Third_Party/FreeRTOS/Source/CMSIS_RTOS/cmsis_os.o
 .debug_line    0x0000694a      0x565 Middlewares/Third_Party/FreeRTOS/Source/list.o
 .debug_line    0x00006eaf      0x9f5 Middlewares/Third_Party/FreeRTOS/Source/queue.o
 .debug_line    0x000078a4      0xe11 Middlewares/Third_Party/FreeRTOS/Source/tasks.o
 .debug_line    0x000086b5      0x5f0 Middlewares/Third_Party/FreeRTOS/Source/portable/GCC/ARM_CM4F/port.o
 .debug_line    0x00008ca5      0x61e Middlewares/Third_Party/FreeRTOS/Source/portable/MemMang/heap_4.o
 .debug_line    0x000092c3      0x9b6 Src/freertos.o
 .debug_line    0x00009c79      0x790 Src/gpio.o
 .debug_line    0x0000a409      0x9f4 Src/main.o
 .debug_line    0x0000adfd      0x780 Src/stm32f4xx_hal_msp.o
 .debug_line    0x0000b57d      0x7bc Src/stm32f4xx_hal_timebase_TIM.o
 .debug_line    0x0000bd39      0x989 Src/stm32f4xx_it.o
 .debug_line    0x0000c6c2      0x7c9 Src/usart.o

.debug_info     0x00000000    0x118ae
 .debug_info    0x00000000       0xa6 Drivers/CMSIS/Device/ST/STM32F4xx/Source/Templates/gcc/startup_stm32f401xe.o
 .debug_info    0x000000a6      0x4da Drivers/CMSIS/Device/ST/STM32F4xx/Source/Templates/system_stm32f4xx.o
 .debug_info    0x00000580      0x86e Drivers/STM32F4xx_HAL_Driver/Src/stm32f4xx_hal.o
 .debug_info    0x00000dee      0xdd4 Drivers/STM32F4xx_HAL_Driver/Src/stm32f4xx_hal_cortex.o
 .debug_info    0x00001bc2      0x74b Drivers/STM32F4xx_HAL_Driver/Src/stm32f4xx_hal_gpio.o
 .debug_info    0x0000230d      0xcac Drivers/STM32F4xx_HAL_Driver/Src/stm32f4xx_hal_rcc.o
 .debug_info    0x00002fb9     0x2ea2 Drivers/STM32F4xx_HAL_Driver/Src/stm32f4xx_hal_tim.o
 .debug_info    0x00005e5b      0xf67 Drivers/STM32F4xx_HAL_Driver/Src/stm32f4xx_hal_tim_ex.o
 .debug_info    0x00006dc2     0x1288 Drivers/STM32F4xx_HAL_Driver/Src/stm32f4xx_hal_uart.o
 .debug_info    0x0000804a     0x1ae7 Middlewares/Third_Party/FreeRTOS/Source/CMSIS_RTOS/cmsis_os.o
 .debug_info    0x00009b31      0x2a5 Middlewares/Third_Party/FreeRTOS/Source/list.o
 .debug_info    0x00009dd6     0x1678 Middlewares/Third_Party/FreeRTOS/Source/queue.o
 .debug_info    0x0000b44e     0x270b Middlewares/Third_Party/FreeRTOS/Source/tasks.o
 .debug_info    0x0000db59      0x55b Middlewares/Third_Party/FreeRTOS/Source/portable/GCC/ARM_CM4F/port.o
 .debug_info    0x0000e0b4      0x48a Middlewares/Third_Party/FreeRTOS/Source/portable/MemMang/heap_4.o
 .debug_info    0x0000e53e      0x3e9 Src/freertos.o
 .debug_info    0x0000e927      0x4a0 Src/gpio.o
 .debug_info    0x0000edc7      0xdc1 Src/main.o
 .debug_info    0x0000fb88      0x35e Src/stm32f4xx_hal_msp.o
 .debug_info    0x0000fee6      0xad6 Src/stm32f4xx_hal_timebase_TIM.o
 .debug_info    0x000109bc      0x5d5 Src/stm32f4xx_it.o
 .debug_info    0x00010f91      0x91d Src/usart.o

.debug_abbrev   0x00000000     0x2e44
 .debug_abbrev  0x00000000       0x12 Drivers/CMSIS/Device/ST/STM32F4xx/Source/Templates/gcc/startup_stm32f401xe.o
 .debug_abbrev  0x00000012      0x104 Drivers/CMSIS/Device/ST/STM32F4xx/Source/Templates/system_stm32f4xx.o
 .debug_abbrev  0x00000116      0x272 Drivers/STM32F4xx_HAL_Driver/Src/stm32f4xx_hal.o
 .debug_abbrev  0x00000388      0x332 Drivers/STM32F4xx_HAL_Driver/Src/stm32f4xx_hal_cortex.o
 .debug_abbrev  0x000006ba      0x1cb Drivers/STM32F4xx_HAL_Driver/Src/stm32f4xx_hal_gpio.o
 .debug_abbrev  0x00000885      0x321 Drivers/STM32F4xx_HAL_Driver/Src/stm32f4xx_hal_rcc.o
 .debug_abbrev  0x00000ba6      0x323 Drivers/STM32F4xx_HAL_Driver/Src/stm32f4xx_hal_tim.o
 .debug_abbrev  0x00000ec9      0x282 Drivers/STM32F4xx_HAL_Driver/Src/stm32f4xx_hal_tim_ex.o
 .debug_abbrev  0x0000114b      0x2fe Drivers/STM32F4xx_HAL_Driver/Src/stm32f4xx_hal_uart.o
 .debug_abbrev  0x00001449      0x387 Middlewares/Third_Party/FreeRTOS/Source/CMSIS_RTOS/cmsis_os.o
 .debug_abbrev  0x000017d0       0xdf Middlewares/Third_Party/FreeRTOS/Source/list.o
 .debug_abbrev  0x000018af      0x2d3 Middlewares/Third_Party/FreeRTOS/Source/queue.o
 .debug_abbrev  0x00001b82      0x395 Middlewares/Third_Party/FreeRTOS/Source/tasks.o
 .debug_abbrev  0x00001f17      0x21e Middlewares/Third_Party/FreeRTOS/Source/portable/GCC/ARM_CM4F/port.o
 .debug_abbrev  0x00002135      0x233 Middlewares/Third_Party/FreeRTOS/Source/portable/MemMang/heap_4.o
 .debug_abbrev  0x00002368      0x1a4 Src/freertos.o
 .debug_abbrev  0x0000250c      0x151 Src/gpio.o
 .debug_abbrev  0x0000265d      0x218 Src/main.o
 .debug_abbrev  0x00002875       0xc5 Src/stm32f4xx_hal_msp.o
 .debug_abbrev  0x0000293a      0x1e1 Src/stm32f4xx_hal_timebase_TIM.o
 .debug_abbrev  0x00002b1b      0x167 Src/stm32f4xx_it.o
 .debug_abbrev  0x00002c82      0x1c2 Src/usart.o

.debug_aranges  0x00000000      0xcf0
 .debug_aranges
                0x00000000       0x28 Drivers/CMSIS/Device/ST/STM32F4xx/Source/Templates/gcc/startup_stm32f401xe.o
 .debug_aranges
                0x00000028       0x28 Drivers/CMSIS/Device/ST/STM32F4xx/Source/Templates/system_stm32f4xx.o
 .debug_aranges
                0x00000050       0xb8 Drivers/STM32F4xx_HAL_Driver/Src/stm32f4xx_hal.o
 .debug_aranges
                0x00000108       0x98 Drivers/STM32F4xx_HAL_Driver/Src/stm32f4xx_hal_cortex.o
 .debug_aranges
                0x000001a0       0x58 Drivers/STM32F4xx_HAL_Driver/Src/stm32f4xx_hal_gpio.o
 .debug_aranges
                0x000001f8       0x80 Drivers/STM32F4xx_HAL_Driver/Src/stm32f4xx_hal_rcc.o
 .debug_aranges
                0x00000278      0x250 Drivers/STM32F4xx_HAL_Driver/Src/stm32f4xx_hal_tim.o
 .debug_aranges
                0x000004c8       0xf0 Drivers/STM32F4xx_HAL_Driver/Src/stm32f4xx_hal_tim_ex.o
 .debug_aranges
                0x000005b8      0x120 Drivers/STM32F4xx_HAL_Driver/Src/stm32f4xx_hal_uart.o
 .debug_aranges
                0x000006d8      0x178 Middlewares/Third_Party/FreeRTOS/Source/CMSIS_RTOS/cmsis_os.o
 .debug_aranges
                0x00000850       0x40 Middlewares/Third_Party/FreeRTOS/Source/list.o
 .debug_aranges
                0x00000890       0xd0 Middlewares/Third_Party/FreeRTOS/Source/queue.o
 .debug_aranges
                0x00000960      0x190 Middlewares/Third_Party/FreeRTOS/Source/tasks.o
 .debug_aranges
                0x00000af0       0x80 Middlewares/Third_Party/FreeRTOS/Source/portable/GCC/ARM_CM4F/port.o
 .debug_aranges
                0x00000b70       0x48 Middlewares/Third_Party/FreeRTOS/Source/portable/MemMang/heap_4.o
 .debug_aranges
                0x00000bb8       0x30 Src/freertos.o
 .debug_aranges
                0x00000be8       0x20 Src/gpio.o
 .debug_aranges
                0x00000c08       0x40 Src/main.o
 .debug_aranges
                0x00000c48       0x20 Src/stm32f4xx_hal_msp.o
 .debug_aranges
                0x00000c68       0x30 Src/stm32f4xx_hal_timebase_TIM.o
 .debug_aranges
                0x00000c98       0x28 Src/stm32f4xx_it.o
 .debug_aranges
                0x00000cc0       0x30 Src/usart.o

.debug_ranges   0x00000000      0xfc0
 .debug_ranges  0x00000000       0x20 Drivers/CMSIS/Device/ST/STM32F4xx/Source/Templates/gcc/startup_stm32f401xe.o
 .debug_ranges  0x00000020       0x18 Drivers/CMSIS/Device/ST/STM32F4xx/Source/Templates/system_stm32f4xx.o
 .debug_ranges  0x00000038       0xa8 Drivers/STM32F4xx_HAL_Driver/Src/stm32f4xx_hal.o
 .debug_ranges  0x000000e0      0x148 Drivers/STM32F4xx_HAL_Driver/Src/stm32f4xx_hal_cortex.o
 .debug_ranges  0x00000228       0x70 Drivers/STM32F4xx_HAL_Driver/Src/stm32f4xx_hal_gpio.o
 .debug_ranges  0x00000298      0x150 Drivers/STM32F4xx_HAL_Driver/Src/stm32f4xx_hal_rcc.o
 .debug_ranges  0x000003e8      0x330 Drivers/STM32F4xx_HAL_Driver/Src/stm32f4xx_hal_tim.o
 .debug_ranges  0x00000718       0xe0 Drivers/STM32F4xx_HAL_Driver/Src/stm32f4xx_hal_tim_ex.o
 .debug_ranges  0x000007f8      0x128 Drivers/STM32F4xx_HAL_Driver/Src/stm32f4xx_hal_uart.o
 .debug_ranges  0x00000920      0x180 Middlewares/Third_Party/FreeRTOS/Source/CMSIS_RTOS/cmsis_os.o
 .debug_ranges  0x00000aa0       0x30 Middlewares/Third_Party/FreeRTOS/Source/list.o
 .debug_ranges  0x00000ad0       0xc0 Middlewares/Third_Party/FreeRTOS/Source/queue.o
 .debug_ranges  0x00000b90      0x218 Middlewares/Third_Party/FreeRTOS/Source/tasks.o
 .debug_ranges  0x00000da8       0x70 Middlewares/Third_Party/FreeRTOS/Source/portable/GCC/ARM_CM4F/port.o
 .debug_ranges  0x00000e18       0x38 Middlewares/Third_Party/FreeRTOS/Source/portable/MemMang/heap_4.o
 .debug_ranges  0x00000e50       0x20 Src/freertos.o
 .debug_ranges  0x00000e70       0x40 Src/gpio.o
 .debug_ranges  0x00000eb0       0x68 Src/main.o
 .debug_ranges  0x00000f18       0x10 Src/stm32f4xx_hal_msp.o
 .debug_ranges  0x00000f28       0x40 Src/stm32f4xx_hal_timebase_TIM.o
 .debug_ranges  0x00000f68       0x18 Src/stm32f4xx_it.o
 .debug_ranges  0x00000f80       0x40 Src/usart.o

.debug_loc      0x00000000     0x90b9
 .debug_loc     0x00000000       0xd7 Drivers/CMSIS/Device/ST/STM32F4xx/Source/Templates/system_stm32f4xx.o
 .debug_loc     0x000000d7       0x92 Drivers/STM32F4xx_HAL_Driver/Src/stm32f4xx_hal.o
 .debug_loc     0x00000169      0x4ab Drivers/STM32F4xx_HAL_Driver/Src/stm32f4xx_hal_cortex.o
 .debug_loc     0x00000614      0x370 Drivers/STM32F4xx_HAL_Driver/Src/stm32f4xx_hal_gpio.o
 .debug_loc     0x00000984      0x49b Drivers/STM32F4xx_HAL_Driver/Src/stm32f4xx_hal_rcc.o
 .debug_loc     0x00000e1f     0x30f6 Drivers/STM32F4xx_HAL_Driver/Src/stm32f4xx_hal_tim.o
 .debug_loc     0x00003f15      0x7b9 Drivers/STM32F4xx_HAL_Driver/Src/stm32f4xx_hal_tim_ex.o
 .debug_loc     0x000046ce     0x1194 Drivers/STM32F4xx_HAL_Driver/Src/stm32f4xx_hal_uart.o
 .debug_loc     0x00005862      0xf73 Middlewares/Third_Party/FreeRTOS/Source/CMSIS_RTOS/cmsis_os.o
 .debug_loc     0x000067d5       0x94 Middlewares/Third_Party/FreeRTOS/Source/list.o
 .debug_loc     0x00006869      0xa46 Middlewares/Third_Party/FreeRTOS/Source/queue.o
 .debug_loc     0x000072af     0x182a Middlewares/Third_Party/FreeRTOS/Source/tasks.o
 .debug_loc     0x00008ad9       0xae Middlewares/Third_Party/FreeRTOS/Source/portable/GCC/ARM_CM4F/port.o
 .debug_loc     0x00008b87      0x389 Middlewares/Third_Party/FreeRTOS/Source/portable/MemMang/heap_4.o
 .debug_loc     0x00008f10       0x42 Src/freertos.o
 .debug_loc     0x00008f52       0x86 Src/main.o
 .debug_loc     0x00008fd8       0x94 Src/stm32f4xx_hal_timebase_TIM.o
 .debug_loc     0x0000906c       0x4d Src/usart.o

.debug_macro    0x00000000    0x11e97
 .debug_macro   0x00000000      0x2e4 Drivers/CMSIS/Device/ST/STM32F4xx/Source/Templates/system_stm32f4xx.o
 .debug_macro   0x000002e4      0x89e Drivers/CMSIS/Device/ST/STM32F4xx/Source/Templates/system_stm32f4xx.o
 .debug_macro   0x00000b82       0x31 Drivers/CMSIS/Device/ST/STM32F4xx/Source/Templates/system_stm32f4xx.o
 .debug_macro   0x00000bb3       0x28 Drivers/CMSIS/Device/ST/STM32F4xx/Source/Templates/system_stm32f4xx.o
 .debug_macro   0x00000bdb       0x22 Drivers/CMSIS/Device/ST/STM32F4xx/Source/Templates/system_stm32f4xx.o
 .debug_macro   0x00000bfd       0x44 Drivers/CMSIS/Device/ST/STM32F4xx/Source/Templates/system_stm32f4xx.o
 .debug_macro   0x00000c41       0xfd Drivers/CMSIS/Device/ST/STM32F4xx/Source/Templates/system_stm32f4xx.o
 .debug_macro   0x00000d3e       0x22 Drivers/CMSIS/Device/ST/STM32F4xx/Source/Templates/system_stm32f4xx.o
 .debug_macro   0x00000d60      0x1df Drivers/CMSIS/Device/ST/STM32F4xx/Source/Templates/system_stm32f4xx.o
 .debug_macro   0x00000f3f       0x35 Drivers/CMSIS/Device/ST/STM32F4xx/Source/Templates/system_stm32f4xx.o
 .debug_macro   0x00000f74       0x50 Drivers/CMSIS/Device/ST/STM32F4xx/Source/Templates/system_stm32f4xx.o
 .debug_macro   0x00000fc4      0xe66 Drivers/CMSIS/Device/ST/STM32F4xx/Source/Templates/system_stm32f4xx.o
 .debug_macro   0x00001e2a     0x5099 Drivers/CMSIS/Device/ST/STM32F4xx/Source/Templates/system_stm32f4xx.o
 .debug_macro   0x00006ec3       0x43 Drivers/CMSIS/Device/ST/STM32F4xx/Source/Templates/system_stm32f4xx.o
 .debug_macro   0x00006f06       0x5e Drivers/CMSIS/Device/ST/STM32F4xx/Source/Templates/system_stm32f4xx.o
 .debug_macro   0x00006f64      0x1b0 Drivers/CMSIS/Device/ST/STM32F4xx/Source/Templates/system_stm32f4xx.o
 .debug_macro   0x00007114     0x347f Drivers/CMSIS/Device/ST/STM32F4xx/Source/Templates/system_stm32f4xx.o
 .debug_macro   0x0000a593       0x58 Drivers/CMSIS/Device/ST/STM32F4xx/Source/Templates/system_stm32f4xx.o
 .debug_macro   0x0000a5eb       0x35 Drivers/CMSIS/Device/ST/STM32F4xx/Source/Templates/system_stm32f4xx.o
 .debug_macro   0x0000a620       0x9c Drivers/CMSIS/Device/ST/STM32F4xx/Source/Templates/system_stm32f4xx.o
 .debug_macro   0x0000a6bc       0x16 Drivers/CMSIS/Device/ST/STM32F4xx/Source/Templates/system_stm32f4xx.o
 .debug_macro   0x0000a6d2       0x97 Drivers/CMSIS/Device/ST/STM32F4xx/Source/Templates/system_stm32f4xx.o
 .debug_macro   0x0000a769      0x329 Drivers/CMSIS/Device/ST/STM32F4xx/Source/Templates/system_stm32f4xx.o
 .debug_macro   0x0000aa92       0xfd Drivers/CMSIS/Device/ST/STM32F4xx/Source/Templates/system_stm32f4xx.o
 .debug_macro   0x0000ab8f       0x10 Drivers/CMSIS/Device/ST/STM32F4xx/Source/Templates/system_stm32f4xx.o
 .debug_macro   0x0000ab9f       0x52 Drivers/CMSIS/Device/ST/STM32F4xx/Source/Templates/system_stm32f4xx.o
 .debug_macro   0x0000abf1       0x16 Drivers/CMSIS/Device/ST/STM32F4xx/Source/Templates/system_stm32f4xx.o
 .debug_macro   0x0000ac07       0x43 Drivers/CMSIS/Device/ST/STM32F4xx/Source/Templates/system_stm32f4xx.o
 .debug_macro   0x0000ac4a      0x187 Drivers/CMSIS/Device/ST/STM32F4xx/Source/Templates/system_stm32f4xx.o
 .debug_macro   0x0000add1       0x10 Drivers/CMSIS/Device/ST/STM32F4xx/Source/Templates/system_stm32f4xx.o
 .debug_macro   0x0000ade1       0x22 Drivers/CMSIS/Device/ST/STM32F4xx/Source/Templates/system_stm32f4xx.o
 .debug_macro   0x0000ae03       0x3a Drivers/CMSIS/Device/ST/STM32F4xx/Source/Templates/system_stm32f4xx.o
 .debug_macro   0x0000ae3d       0x10 Drivers/CMSIS/Device/ST/STM32F4xx/Source/Templates/system_stm32f4xx.o
 .debug_macro   0x0000ae4d       0x40 Drivers/CMSIS/Device/ST/STM32F4xx/Source/Templates/system_stm32f4xx.o
 .debug_macro   0x0000ae8d       0x65 Drivers/CMSIS/Device/ST/STM32F4xx/Source/Templates/system_stm32f4xx.o
 .debug_macro   0x0000aef2       0x16 Drivers/CMSIS/Device/ST/STM32F4xx/Source/Templates/system_stm32f4xx.o
 .debug_macro   0x0000af08      0x197 Drivers/CMSIS/Device/ST/STM32F4xx/Source/Templates/system_stm32f4xx.o
 .debug_macro   0x0000b09f       0x50 Drivers/CMSIS/Device/ST/STM32F4xx/Source/Templates/system_stm32f4xx.o
 .debug_macro   0x0000b0ef      0x424 Drivers/CMSIS/Device/ST/STM32F4xx/Source/Templates/system_stm32f4xx.o
 .debug_macro   0x0000b513      0x9e1 Drivers/CMSIS/Device/ST/STM32F4xx/Source/Templates/system_stm32f4xx.o
 .debug_macro   0x0000bef4      0x11e Drivers/CMSIS/Device/ST/STM32F4xx/Source/Templates/system_stm32f4xx.o
 .debug_macro   0x0000c012       0xf8 Drivers/CMSIS/Device/ST/STM32F4xx/Source/Templates/system_stm32f4xx.o
 .debug_macro   0x0000c10a       0x27 Drivers/CMSIS/Device/ST/STM32F4xx/Source/Templates/system_stm32f4xx.o
 .debug_macro   0x0000c131      0x287 Drivers/CMSIS/Device/ST/STM32F4xx/Source/Templates/system_stm32f4xx.o
 .debug_macro   0x0000c3b8       0x5f Drivers/CMSIS/Device/ST/STM32F4xx/Source/Templates/system_stm32f4xx.o
 .debug_macro   0x0000c417      0x23a Drivers/CMSIS/Device/ST/STM32F4xx/Source/Templates/system_stm32f4xx.o
 .debug_macro   0x0000c651      0x13a Drivers/CMSIS/Device/ST/STM32F4xx/Source/Templates/system_stm32f4xx.o
 .debug_macro   0x0000c78b      0x264 Drivers/CMSIS/Device/ST/STM32F4xx/Source/Templates/system_stm32f4xx.o
 .debug_macro   0x0000c9ef       0x2e Drivers/CMSIS/Device/ST/STM32F4xx/Source/Templates/system_stm32f4xx.o
 .debug_macro   0x0000ca1d      0x11e Drivers/CMSIS/Device/ST/STM32F4xx/Source/Templates/system_stm32f4xx.o
 .debug_macro   0x0000cb3b       0x85 Drivers/CMSIS/Device/ST/STM32F4xx/Source/Templates/system_stm32f4xx.o
 .debug_macro   0x0000cbc0       0x89 Drivers/CMSIS/Device/ST/STM32F4xx/Source/Templates/system_stm32f4xx.o
 .debug_macro   0x0000cc49      0x6d9 Drivers/CMSIS/Device/ST/STM32F4xx/Source/Templates/system_stm32f4xx.o
 .debug_macro   0x0000d322       0x5b Drivers/CMSIS/Device/ST/STM32F4xx/Source/Templates/system_stm32f4xx.o
 .debug_macro   0x0000d37d      0x14d Drivers/CMSIS/Device/ST/STM32F4xx/Source/Templates/system_stm32f4xx.o
 .debug_macro   0x0000d4ca      0x287 Drivers/CMSIS/Device/ST/STM32F4xx/Source/Templates/system_stm32f4xx.o
 .debug_macro   0x0000d751      0x11e Drivers/CMSIS/Device/ST/STM32F4xx/Source/Templates/system_stm32f4xx.o
 .debug_macro   0x0000d86f      0x32c Drivers/STM32F4xx_HAL_Driver/Src/stm32f4xx_hal.o
 .debug_macro   0x0000db9b      0x2de Drivers/STM32F4xx_HAL_Driver/Src/stm32f4xx_hal_cortex.o
 .debug_macro   0x0000de79      0x316 Drivers/STM32F4xx_HAL_Driver/Src/stm32f4xx_hal_gpio.o
 .debug_macro   0x0000e18f      0x308 Drivers/STM32F4xx_HAL_Driver/Src/stm32f4xx_hal_rcc.o
 .debug_macro   0x0000e497      0x2df Drivers/STM32F4xx_HAL_Driver/Src/stm32f4xx_hal_tim.o
 .debug_macro   0x0000e776      0x2de Drivers/STM32F4xx_HAL_Driver/Src/stm32f4xx_hal_tim_ex.o
 .debug_macro   0x0000ea54      0x2df Drivers/STM32F4xx_HAL_Driver/Src/stm32f4xx_hal_uart.o
 .debug_macro   0x0000ed33      0x1d7 Middlewares/Third_Party/FreeRTOS/Source/CMSIS_RTOS/cmsis_os.o
 .debug_macro   0x0000ef0a      0x174 Middlewares/Third_Party/FreeRTOS/Source/CMSIS_RTOS/cmsis_os.o
 .debug_macro   0x0000f07e       0x4a Middlewares/Third_Party/FreeRTOS/Source/CMSIS_RTOS/cmsis_os.o
 .debug_macro   0x0000f0c8       0x10 Middlewares/Third_Party/FreeRTOS/Source/CMSIS_RTOS/cmsis_os.o
 .debug_macro   0x0000f0d8       0x35 Middlewares/Third_Party/FreeRTOS/Source/CMSIS_RTOS/cmsis_os.o
 .debug_macro   0x0000f10d       0x16 Middlewares/Third_Party/FreeRTOS/Source/CMSIS_RTOS/cmsis_os.o
 .debug_macro   0x0000f123       0x26 Middlewares/Third_Party/FreeRTOS/Source/CMSIS_RTOS/cmsis_os.o
 .debug_macro   0x0000f149       0xc6 Middlewares/Third_Party/FreeRTOS/Source/CMSIS_RTOS/cmsis_os.o
 .debug_macro   0x0000f20f      0x15d Middlewares/Third_Party/FreeRTOS/Source/CMSIS_RTOS/cmsis_os.o
 .debug_macro   0x0000f36c       0xe4 Middlewares/Third_Party/FreeRTOS/Source/CMSIS_RTOS/cmsis_os.o
 .debug_macro   0x0000f450       0x10 Middlewares/Third_Party/FreeRTOS/Source/CMSIS_RTOS/cmsis_os.o
 .debug_macro   0x0000f460       0x1f Middlewares/Third_Party/FreeRTOS/Source/CMSIS_RTOS/cmsis_os.o
 .debug_macro   0x0000f47f      0x3f4 Middlewares/Third_Party/FreeRTOS/Source/CMSIS_RTOS/cmsis_os.o
 .debug_macro   0x0000f873       0xc0 Middlewares/Third_Party/FreeRTOS/Source/CMSIS_RTOS/cmsis_os.o
 .debug_macro   0x0000f933       0x9a Middlewares/Third_Party/FreeRTOS/Source/CMSIS_RTOS/cmsis_os.o
 .debug_macro   0x0000f9cd       0x91 Middlewares/Third_Party/FreeRTOS/Source/CMSIS_RTOS/cmsis_os.o
 .debug_macro   0x0000fa5e       0xb0 Middlewares/Third_Party/FreeRTOS/Source/CMSIS_RTOS/cmsis_os.o
 .debug_macro   0x0000fb0e       0x7f Middlewares/Third_Party/FreeRTOS/Source/CMSIS_RTOS/cmsis_os.o
 .debug_macro   0x0000fb8d       0xcf Middlewares/Third_Party/FreeRTOS/Source/CMSIS_RTOS/cmsis_os.o
 .debug_macro   0x0000fc5c      0x176 Middlewares/Third_Party/FreeRTOS/Source/list.o
 .debug_macro   0x0000fdd2      0x1e8 Middlewares/Third_Party/FreeRTOS/Source/queue.o
 .debug_macro   0x0000ffba       0x16 Middlewares/Third_Party/FreeRTOS/Source/queue.o
 .debug_macro   0x0000ffd0      0x224 Middlewares/Third_Party/FreeRTOS/Source/tasks.o
 .debug_macro   0x000101f4       0x11 Middlewares/Third_Party/FreeRTOS/Source/tasks.o
 .debug_macro   0x00010205      0x197 Middlewares/Third_Party/FreeRTOS/Source/portable/GCC/ARM_CM4F/port.o
 .debug_macro   0x0001039c      0x19d Middlewares/Third_Party/FreeRTOS/Source/portable/MemMang/heap_4.o
 .debug_macro   0x00010539      0x3a5 Src/freertos.o
 .debug_macro   0x000108de      0x1b6 Src/freertos.o
 .debug_macro   0x00010a94       0x3b Src/freertos.o
 .debug_macro   0x00010acf      0x2e8 Src/gpio.o
 .debug_macro   0x00010db7      0x3bb Src/main.o
 .debug_macro   0x00011172       0xcc Src/main.o
 .debug_macro   0x0001123e      0x2de Src/stm32f4xx_hal_msp.o
 .debug_macro   0x0001151c      0x2de Src/stm32f4xx_hal_timebase_TIM.o
 .debug_macro   0x000117fa      0x3ab Src/stm32f4xx_it.o
 .debug_macro   0x00011ba5      0x2f2 Src/usart.o

.debug_str      0x00000000    0x60da7
 .debug_str     0x00000000    0x56027 Drivers/CMSIS/Device/ST/STM32F4xx/Source/Templates/system_stm32f4xx.o
                              0x562d8 (size before relaxing)
 .debug_str     0x00056027      0x886 Drivers/STM32F4xx_HAL_Driver/Src/stm32f4xx_hal.o
                              0x56b38 (size before relaxing)
 .debug_str     0x000568ad      0x31a Drivers/STM32F4xx_HAL_Driver/Src/stm32f4xx_hal_cortex.o
                              0x56991 (size before relaxing)
 .debug_str     0x00056bc7      0x2f2 Drivers/STM32F4xx_HAL_Driver/Src/stm32f4xx_hal_gpio.o
                              0x5652f (size before relaxing)
 .debug_str     0x00056eb9      0x37d Drivers/STM32F4xx_HAL_Driver/Src/stm32f4xx_hal_rcc.o
                              0x566be (size before relaxing)
 .debug_str     0x00057236      0xe38 Drivers/STM32F4xx_HAL_Driver/Src/stm32f4xx_hal_tim.o
                              0x5702b (size before relaxing)
 .debug_str     0x0005806e      0x419 Drivers/STM32F4xx_HAL_Driver/Src/stm32f4xx_hal_tim_ex.o
                              0x56a7a (size before relaxing)
 .debug_str     0x00058487      0x513 Drivers/STM32F4xx_HAL_Driver/Src/stm32f4xx_hal_uart.o
                              0x56923 (size before relaxing)
 .debug_str     0x0005899a     0x5fa4 Middlewares/Third_Party/FreeRTOS/Source/CMSIS_RTOS/cmsis_os.o
                               0xbe70 (size before relaxing)
 .debug_str     0x0005e93e      0x22a Middlewares/Third_Party/FreeRTOS/Source/list.o
                               0x8e14 (size before relaxing)
 .debug_str     0x0005eb68      0x728 Middlewares/Third_Party/FreeRTOS/Source/queue.o
                               0xa7ec (size before relaxing)
 .debug_str     0x0005f290      0xeb3 Middlewares/Third_Party/FreeRTOS/Source/tasks.o
                               0xb00b (size before relaxing)
 .debug_str     0x00060143      0x744 Middlewares/Third_Party/FreeRTOS/Source/portable/GCC/ARM_CM4F/port.o
                               0x7572 (size before relaxing)
 .debug_str     0x00060887      0x243 Middlewares/Third_Party/FreeRTOS/Source/portable/MemMang/heap_4.o
                               0x9706 (size before relaxing)
 .debug_str     0x00060aca       0xa8 Src/freertos.o
                              0x5b48b (size before relaxing)
 .debug_str     0x00060b72       0x1b Src/gpio.o
                              0x562a3 (size before relaxing)
 .debug_str     0x00060b8d       0xfb Src/main.o
                              0x5c234 (size before relaxing)
 .debug_str     0x00060c88       0x27 Src/stm32f4xx_hal_msp.o
                              0x56491 (size before relaxing)
 .debug_str     0x00060caf       0x62 Src/stm32f4xx_hal_timebase_TIM.o
                              0x56b09 (size before relaxing)
 .debug_str     0x00060d11       0x51 Src/stm32f4xx_it.o
                              0x5baca (size before relaxing)
 .debug_str     0x00060d62       0x45 Src/usart.o
                              0x56704 (size before relaxing)

.comment        0x00000000       0x6e
 .comment       0x00000000       0x6e Drivers/CMSIS/Device/ST/STM32F4xx/Source/Templates/system_stm32f4xx.o
                                 0x6f (size before relaxing)
 .comment       0x0000006e       0x6f Drivers/STM32F4xx_HAL_Driver/Src/stm32f4xx_hal.o
 .comment       0x0000006e       0x6f Drivers/STM32F4xx_HAL_Driver/Src/stm32f4xx_hal_cortex.o
 .comment       0x0000006e       0x6f Drivers/STM32F4xx_HAL_Driver/Src/stm32f4xx_hal_gpio.o
 .comment       0x0000006e       0x6f Drivers/STM32F4xx_HAL_Driver/Src/stm32f4xx_hal_rcc.o
 .comment       0x0000006e       0x6f Drivers/STM32F4xx_HAL_Driver/Src/stm32f4xx_hal_tim.o
 .comment       0x0000006e       0x6f Drivers/STM32F4xx_HAL_Driver/Src/stm32f4xx_hal_tim_ex.o
 .comment       0x0000006e       0x6f Drivers/STM32F4xx_HAL_Driver/Src/stm32f4xx_hal_uart.o
 .comment       0x0000006e       0x6f Middlewares/Third_Party/FreeRTOS/Source/CMSIS_RTOS/cmsis_os.o
 .comment       0x0000006e       0x6f Middlewares/Third_Party/FreeRTOS/Source/list.o
 .comment       0x0000006e       0x6f Middlewares/Third_Party/FreeRTOS/Source/queue.o
 .comment       0x0000006e       0x6f Middlewares/Third_Party/FreeRTOS/Source/tasks.o
 .comment       0x0000006e       0x6f Middlewares/Third_Party/FreeRTOS/Source/portable/GCC/ARM_CM4F/port.o
 .comment       0x0000006e       0x6f Middlewares/Third_Party/FreeRTOS/Source/portable/MemMang/heap_4.o
 .comment       0x0000006e       0x6f Src/freertos.o
 .comment       0x0000006e       0x6f Src/gpio.o
 .comment       0x0000006e       0x6f Src/main.o
 .comment       0x0000006e       0x6f Src/stm32f4xx_hal_msp.o
 .comment       0x0000006e       0x6f Src/stm32f4xx_hal_timebase_TIM.o
 .comment       0x0000006e       0x6f Src/stm32f4xx_it.o
 .comment       0x0000006e       0x6f Src/usart.o

.debug_frame    0x00000000     0x24d0
 .debug_frame   0x00000000       0x30 Drivers/CMSIS/Device/ST/STM32F4xx/Source/Templates/system_stm32f4xx.o
 .debug_frame   0x00000030      0x184 Drivers/STM32F4xx_HAL_Driver/Src/stm32f4xx_hal.o
 .debug_frame   0x000001b4      0x130 Drivers/STM32F4xx_HAL_Driver/Src/stm32f4xx_hal_cortex.o
 .debug_frame   0x000002e4       0xd4 Drivers/STM32F4xx_HAL_Driver/Src/stm32f4xx_hal_gpio.o
 .debug_frame   0x000003b8      0x138 Drivers/STM32F4xx_HAL_Driver/Src/stm32f4xx_hal_rcc.o
 .debug_frame   0x000004f0      0x854 Drivers/STM32F4xx_HAL_Driver/Src/stm32f4xx_hal_tim.o
 .debug_frame   0x00000d44      0x334 Drivers/STM32F4xx_HAL_Driver/Src/stm32f4xx_hal_tim_ex.o
 .debug_frame   0x00001078      0x374 Drivers/STM32F4xx_HAL_Driver/Src/stm32f4xx_hal_uart.o
 .debug_frame   0x000013ec      0x460 Middlewares/Third_Party/FreeRTOS/Source/CMSIS_RTOS/cmsis_os.o
 .debug_frame   0x0000184c       0x6c Middlewares/Third_Party/FreeRTOS/Source/list.o
 .debug_frame   0x000018b8      0x270 Middlewares/Third_Party/FreeRTOS/Source/queue.o
 .debug_frame   0x00001b28      0x57c Middlewares/Third_Party/FreeRTOS/Source/tasks.o
 .debug_frame   0x000020a4       0xf0 Middlewares/Third_Party/FreeRTOS/Source/portable/GCC/ARM_CM4F/port.o
 .debug_frame   0x00002194       0xa4 Middlewares/Third_Party/FreeRTOS/Source/portable/MemMang/heap_4.o
 .debug_frame   0x00002238       0x64 Src/freertos.o
 .debug_frame   0x0000229c       0x34 Src/gpio.o
 .debug_frame   0x000022d0       0x88 Src/main.o
 .debug_frame   0x00002358       0x2c Src/stm32f4xx_hal_msp.o
 .debug_frame   0x00002384       0x50 Src/stm32f4xx_hal_timebase_TIM.o
 .debug_frame   0x000023d4       0x30 Src/stm32f4xx_it.o
 .debug_frame   0x00002404       0x58 Src/usart.o
 .debug_frame   0x0000245c       0x2c c:/ac6/systemworkbench/plugins/fr.ac6.mcu.externaltools.arm-none.win32_1.7.0.201602121829/tools/compiler/bin/../lib/gcc/arm-none-eabi/5.2.1/../../../../arm-none-eabi/lib/armv7e-m/fpu\libc_nano.a(lib_a-init.o)
 .debug_frame   0x00002488       0x28 c:/ac6/systemworkbench/plugins/fr.ac6.mcu.externaltools.arm-none.win32_1.7.0.201602121829/tools/compiler/bin/../lib/gcc/arm-none-eabi/5.2.1/../../../../arm-none-eabi/lib/armv7e-m/fpu\libc_nano.a(lib_a-memcpy-stub.o)
 .debug_frame   0x000024b0       0x20 c:/ac6/systemworkbench/plugins/fr.ac6.mcu.externaltools.arm-none.win32_1.7.0.201602121829/tools/compiler/bin/../lib/gcc/arm-none-eabi/5.2.1/../../../../arm-none-eabi/lib/armv7e-m/fpu\libc_nano.a(lib_a-memset.o)
